// Jest Snapshot v1, https://goo.gl/fbAQLP

exports[`ContextMenu.native renders trigger correctly 1`] = `
<View
  accessibilityState={
    {
      "expanded": undefined,
    }
  }
  onTouchEnd={[Function]}
>
  <View
    accessibilityState={
      {
        "busy": undefined,
        "checked": undefined,
        "disabled": undefined,
        "expanded": undefined,
        "selected": undefined,
      }
    }
    accessibilityValue={
      {
        "max": undefined,
        "min": undefined,
        "now": undefined,
        "text": undefined,
      }
    }
    accessible={true}
    collapsable={false}
    focusable={true}
    onBlur={[Function]}
    onClick={[Function]}
    onFocus={[Function]}
    onResponderGrant={[Function]}
    onResponderMove={[Function]}
    onResponderRelease={[Function]}
    onResponderTerminate={[Function]}
    onResponderTerminationRequest={[Function]}
    onStartShouldSetResponder={[Function]}
  >
    <Text>
      Open
    </Text>
  </View>
  <View
    testID="bottom-sheet-view"
  >
    <Text>
      Menu content
    </Text>
  </View>
</View>
`;
